10013
10549
10770
10960
11225
11491
11761
11920
12104
12316
12505
12787
12988
13259
13444
22014
22570
22795
23490
24481
25735
26061
26374
26561
26727
26935
27115
27365
27536
27712
27956
28225
28414
28764
28962
29183
31682
31743
31914
32101
32286
34507
39264
39499
39733
40130
40894
41114
41387
41597
41762
41909
42105
42340
42886
44615
44881
45182
45490
45776
46015
46543
46733
46943
47130
47414
47769
48126
48457
48698
48877
49849
50039
50649
56964
56981
56985
56990
56995
56999
57003
57006
57010
57015
57023
61505
61591
61743
61913
62092
62249
62442
62586
62736
63061
63219
63391
63558
63734

63sec ----15 conc

______________________________________________